AR rsencoder rtl /home/dan/Desktop/rs_vhdl/src/Encoder.vhd sub00/vhpl20 1563098817
AR gfsum rtl /home/dan/Desktop/rs_vhdl/src/datapath/GfSum.vhd sub00/vhpl16 1563146157
AR gfmul rtl /home/dan/Desktop/rs_vhdl/src/datapath/GfMul.vhd sub00/vhpl14 1563146155
EN gfsum NULL /home/dan/Desktop/rs_vhdl/src/datapath/GfSum.vhd sub00/vhpl15 1563146156
AR symbolpowerencoder rtl /home/dan/Desktop/rs_vhdl/src/datapath/SymbolPowerEncoder.vhd sub00/vhpl06 1563146147
AR synchronizer rtl /home/dan/Desktop/rs_vhdl/src/Synchronizer.vhd sub00/vhpl22 1563099002
EN paritycounter NULL /home/dan/Desktop/rs_vhdl/src/datapath/ParityCounter.vhd sub00/vhpl17 1563107570
EN addermodulo NULL /home/dan/Desktop/rs_vhdl/src/datapath/AdderModulo.vhd sub00/vhpl07 1563146148
EN gfmul NULL /home/dan/Desktop/rs_vhdl/src/datapath/GfMul.vhd sub00/vhpl13 1563146154
EN fulladder NULL /home/dan/Desktop/rs_vhdl/src/datapath/FullAdder.vhd sub00/vhpl01 1563146142
AR paritycounter rtl /home/dan/Desktop/rs_vhdl/src/datapath/ParityCounter.vhd sub00/vhpl18 1563107571
AR fulladder rtl /home/dan/Desktop/rs_vhdl/src/datapath/FullAdder.vhd sub00/vhpl02 1563146143
EN symbolpowerencoder NULL /home/dan/Desktop/rs_vhdl/src/datapath/SymbolPowerEncoder.vhd sub00/vhpl05 1563146146
EN symbolregister NULL /home/dan/Desktop/rs_vhdl/src/datapath/SymbolRegister.vhd sub00/vhpl11 1563146152
AR symbolregister rtl /home/dan/Desktop/rs_vhdl/src/datapath/SymbolRegister.vhd sub00/vhpl12 1563146153
PH reedsolomon_package NULL /home/dan/Desktop/rs_vhdl/src/ReedSolomon_package.vhd sub00/vhpl00 1563146141
AR rsdecoder rtl /home/dan/Desktop/rs_vhdl/src/Decoder.vhd sub00/vhpl24 1563146159
EN rsencoder NULL /home/dan/Desktop/rs_vhdl/src/Encoder.vhd sub00/vhpl19 1563098816
EN synchronizer NULL /home/dan/Desktop/rs_vhdl/src/Synchronizer.vhd sub00/vhpl21 1563099001
EN reedsolomon NULL /home/dan/Desktop/rs_vhdl/src/ReedSolomon.vhd sub00/vhpl25 1563099005
AR reedsolomon rtl /home/dan/Desktop/rs_vhdl/src/ReedSolomon.vhd sub00/vhpl26 1563099006
EN symbolpowerdecoder NULL /home/dan/Desktop/rs_vhdl/src/datapath/SymbolPowerDecoder.vhd sub00/vhpl09 1563146150
AR symbolpowerdecoder rtl /home/dan/Desktop/rs_vhdl/src/datapath/SymbolPowerDecoder.vhd sub00/vhpl10 1563146151
EN mux NULL /home/dan/Desktop/rs_vhdl/src/datapath/Mux.vhd sub00/vhpl03 1563146144
AR mux rtl /home/dan/Desktop/rs_vhdl/src/datapath/Mux.vhd sub00/vhpl04 1563146145
EN rsdecoder NULL /home/dan/Desktop/rs_vhdl/src/Decoder.vhd sub00/vhpl23 1563146158
AR addermodulo rtl /home/dan/Desktop/rs_vhdl/src/datapath/AdderModulo.vhd sub00/vhpl08 1563146149
