V3 53
FL /home/dan/Desktop/rs_vhdl/src/datapath/AdderModulo.vhd 2019/07/13.21:40:03 P.20131013
EN work/AdderModulo 1563146148 \
      FL /home/dan/Desktop/rs_vhdl/src/datapath/AdderModulo.vhd \
      PB ieee/std_logic_1164 1381692176 PB ieee/NUMERIC_STD 1381692181 \
      PH work/ReedSolomon_package 1563146141
AR work/AdderModulo/RTL 1563146149 \
      FL /home/dan/Desktop/rs_vhdl/src/datapath/AdderModulo.vhd \
      EN work/AdderModulo 1563146148 CP FullAdder CP Mux
FL /home/dan/Desktop/rs_vhdl/src/datapath/FullAdder.vhd 2019/07/13.21:40:03 P.20131013
EN work/FullAdder 1563146142 \
      FL /home/dan/Desktop/rs_vhdl/src/datapath/FullAdder.vhd \
      PB ieee/std_logic_1164 1381692176
AR work/FullAdder/RTL 1563146143 \
      FL /home/dan/Desktop/rs_vhdl/src/datapath/FullAdder.vhd EN work/FullAdder 1563146142
FL /home/dan/Desktop/rs_vhdl/src/datapath/GfMul.vhd 2019/07/13.21:40:03 P.20131013
EN work/GfMul 1563146154 FL /home/dan/Desktop/rs_vhdl/src/datapath/GfMul.vhd \
      PB ieee/std_logic_1164 1381692176 PH work/ReedSolomon_package 1563146141
AR work/GfMul/RTL 1563146155 \
      FL /home/dan/Desktop/rs_vhdl/src/datapath/GfMul.vhd EN work/GfMul 1563146154 \
      CP SymbolPowerEncoder CP AdderModulo CP SymbolPowerDecoder CP Mux
FL /home/dan/Desktop/rs_vhdl/src/datapath/GfSum.vhd 2019/07/13.21:40:03 P.20131013
EN work/GfSum 1563146156 FL /home/dan/Desktop/rs_vhdl/src/datapath/GfSum.vhd \
      PB ieee/std_logic_1164 1381692176 PH work/ReedSolomon_package 1563146141
AR work/GfSum/RTL 1563146157 \
      FL /home/dan/Desktop/rs_vhdl/src/datapath/GfSum.vhd EN work/GfSum 1563146156
FL /home/dan/Desktop/rs_vhdl/src/datapath/Mux.vhd 2019/07/13.21:40:03 P.20131013
EN work/Mux 1563146144 FL /home/dan/Desktop/rs_vhdl/src/datapath/Mux.vhd \
      PB ieee/std_logic_1164 1381692176 PH work/ReedSolomon_package 1563146141
AR work/Mux/RTL 1563146145 \
      FL /home/dan/Desktop/rs_vhdl/src/datapath/Mux.vhd EN work/Mux 1563146144
FL /home/dan/Desktop/rs_vhdl/src/datapath/ParityCounter.vhd 2019/07/13.21:40:03 P.20131013
EN work/ParityCounter 1563107570 \
      FL /home/dan/Desktop/rs_vhdl/src/datapath/ParityCounter.vhd \
      PB ieee/std_logic_1164 1381692176 PB ieee/NUMERIC_STD 1381692181 \
      PH work/ReedSolomon_package 1563146141
AR work/ParityCounter/RTL 1563107571 \
      FL /home/dan/Desktop/rs_vhdl/src/datapath/ParityCounter.vhd \
      EN work/ParityCounter 1563107570
FL /home/dan/Desktop/rs_vhdl/src/datapath/SymbolPowerDecoder.vhd 2019/07/13.21:40:03 P.20131013
EN work/SymbolPowerDecoder 1563146150 \
      FL /home/dan/Desktop/rs_vhdl/src/datapath/SymbolPowerDecoder.vhd \
      PB ieee/std_logic_1164 1381692176 PH work/ReedSolomon_package 1563146141
AR work/SymbolPowerDecoder/RTL 1563146151 \
      FL /home/dan/Desktop/rs_vhdl/src/datapath/SymbolPowerDecoder.vhd \
      EN work/SymbolPowerDecoder 1563146150
FL /home/dan/Desktop/rs_vhdl/src/datapath/SymbolPowerEncoder.vhd 2019/07/13.21:40:03 P.20131013
EN work/SymbolPowerEncoder 1563146146 \
      FL /home/dan/Desktop/rs_vhdl/src/datapath/SymbolPowerEncoder.vhd \
      PB ieee/std_logic_1164 1381692176 PH work/ReedSolomon_package 1563146141
AR work/SymbolPowerEncoder/RTL 1563146147 \
      FL /home/dan/Desktop/rs_vhdl/src/datapath/SymbolPowerEncoder.vhd \
      EN work/SymbolPowerEncoder 1563146146
FL /home/dan/Desktop/rs_vhdl/src/datapath/SymbolRegister.vhd 2019/07/13.21:40:03 P.20131013
EN work/SymbolRegister 1563146152 \
      FL /home/dan/Desktop/rs_vhdl/src/datapath/SymbolRegister.vhd \
      PB ieee/std_logic_1164 1381692176 PH work/ReedSolomon_package 1563146141
AR work/SymbolRegister/RTL 1563146153 \
      FL /home/dan/Desktop/rs_vhdl/src/datapath/SymbolRegister.vhd \
      EN work/SymbolRegister 1563146152
FL /home/dan/Desktop/rs_vhdl/src/Decoder.vhd 2019/07/15.01:15:36 P.20131013
EN work/RSDecoder 1563146158 FL /home/dan/Desktop/rs_vhdl/src/Decoder.vhd \
      PB ieee/std_logic_1164 1381692176 PH work/ReedSolomon_package 1563146141
AR work/RSDecoder/RTL 1563146159 \
      FL /home/dan/Desktop/rs_vhdl/src/Decoder.vhd EN work/RSDecoder 1563146158 \
      CP SymbolRegister CP GfMul CP GfSum
FL /home/dan/Desktop/rs_vhdl/src/Encoder.vhd 2019/07/13.21:40:03 P.20131013
EN work/RSEncoder 1563098816 FL /home/dan/Desktop/rs_vhdl/src/Encoder.vhd \
      PB ieee/std_logic_1164 1381692176 PH work/ReedSolomon_package 1563146141
AR work/RSEncoder/RTL 1563098817 \
      FL /home/dan/Desktop/rs_vhdl/src/Encoder.vhd EN work/RSEncoder 1563098816 \
      CP SymbolRegister CP GfMul CP GfSum CP ParityCounter CP Mux
FL /home/dan/Desktop/rs_vhdl/src/ReedSolomon.vhd 2019/07/13.21:40:03 P.20131013
EN work/ReedSolomon 1563099005 FL /home/dan/Desktop/rs_vhdl/src/ReedSolomon.vhd \
      PB ieee/std_logic_1164 1381692176 PH work/ReedSolomon_package 1563146141
AR work/ReedSolomon/RTL 1563099006 \
      FL /home/dan/Desktop/rs_vhdl/src/ReedSolomon.vhd EN work/ReedSolomon 1563099005 \
      CP HostBridge CP Synchronizer CP RSDecoder
FL /home/dan/Desktop/rs_vhdl/src/ReedSolomon_package.vhd 2019/07/14.14:32:16 P.20131013
PH work/ReedSolomon_package 1563146141 \
      FL /home/dan/Desktop/rs_vhdl/src/ReedSolomon_package.vhd \
      PB ieee/NUMERIC_STD 1381692181 PB ieee/std_logic_1164 1381692176
FL /home/dan/Desktop/rs_vhdl/src/Synchronizer.vhd 2019/07/13.21:40:03 P.20131013
EN work/Synchronizer 1563099001 FL /home/dan/Desktop/rs_vhdl/src/Synchronizer.vhd \
      PB ieee/std_logic_1164 1381692176 PH work/ReedSolomon_package 1563146141
AR work/Synchronizer/RTL 1563099002 \
      FL /home/dan/Desktop/rs_vhdl/src/Synchronizer.vhd EN work/Synchronizer 1563099001
