Archive member included because of file (symbol)

c:/altera/12.1/nios2eds/bin/gnu/h-i686-mingw32/bin/../lib/gcc/nios2-elf/4.1.2/mno-hw-mul\libgcc.a(lib2-divmod.o)
                              obj/default/hello_world_small.o (__udivsi3)
../UART2CORE_bsp/\libhal_bsp.a(alt_getchar.o)
                              obj/default/hello_world_small.o (alt_getchar)
../UART2CORE_bsp/\libhal_bsp.a(alt_load.o)
                              ../UART2CORE_bsp//obj/HAL/src/crt0.o (alt_load)
../UART2CORE_bsp/\libhal_bsp.a(alt_main.o)
                              ../UART2CORE_bsp//obj/HAL/src/crt0.o (alt_main)
../UART2CORE_bsp/\libhal_bsp.a(alt_printf.o)
                              obj/default/hello_world_small.o (alt_printf)
../UART2CORE_bsp/\libhal_bsp.a(alt_putchar.o)
                              ../UART2CORE_bsp/\libhal_bsp.a(alt_printf.o) (alt_putchar)
../UART2CORE_bsp/\libhal_bsp.a(alt_sys_init.o)
                              ../UART2CORE_bsp/\libhal_bsp.a(alt_main.o) (alt_sys_init)
../UART2CORE_bsp/\libhal_bsp.a(altera_avalon_jtag_uart_read.o)
                              ../UART2CORE_bsp/\libhal_bsp.a(alt_getchar.o) (altera_avalon_jtag_uart_read)
../UART2CORE_bsp/\libhal_bsp.a(altera_avalon_jtag_uart_write.o)
                              ../UART2CORE_bsp/\libhal_bsp.a(alt_putchar.o) (altera_avalon_jtag_uart_write)
../UART2CORE_bsp/\libhal_bsp.a(alt_dcache_flush_all.o)
                              ../UART2CORE_bsp/\libhal_bsp.a(alt_load.o) (alt_dcache_flush_all)
../UART2CORE_bsp/\libhal_bsp.a(alt_dev.o)
                              ../UART2CORE_bsp/\libhal_bsp.a(alt_getchar.o) (alt_fd_list)
../UART2CORE_bsp/\libhal_bsp.a(alt_icache_flush_all.o)
                              ../UART2CORE_bsp/\libhal_bsp.a(alt_load.o) (alt_icache_flush_all)
../UART2CORE_bsp/\libhal_bsp.a(altera_nios2_irq.o)
                              ../UART2CORE_bsp/\libhal_bsp.a(alt_sys_init.o) (altera_nios2_irq_init)

Memory Configuration

Name             Origin             Length             Attributes
reset            0x00001000         0x00000020
onchip_memory2_0 0x00001020         0x00000fe0
*default*        0x00000000         0xffffffff

Linker script and memory map

LOAD ../UART2CORE_bsp//obj/HAL/src/crt0.o
                0x0000100c                exit = _exit
LOAD obj/default/hello_world_small.o
LOAD c:/altera/12.1/nios2eds/bin/gnu/h-i686-mingw32/bin/../lib/gcc/nios2-elf/4.1.2/../../../../nios2-elf/lib/mno-hw-mul\libstdc++.a
LOAD c:/altera/12.1/nios2eds/bin/gnu/h-i686-mingw32/bin/../lib/gcc/nios2-elf/4.1.2/../../../../nios2-elf/lib/mno-hw-mul\libm.a
LOAD c:/altera/12.1/nios2eds/bin/gnu/h-i686-mingw32/bin/../lib/gcc/nios2-elf/4.1.2/mno-hw-mul\libgcc.a
START GROUP
LOAD c:/altera/12.1/nios2eds/bin/gnu/h-i686-mingw32/bin/../lib/gcc/nios2-elf/4.1.2/../../../../nios2-elf/lib/mno-hw-mul\libsmallc.a
LOAD c:/altera/12.1/nios2eds/bin/gnu/h-i686-mingw32/bin/../lib/gcc/nios2-elf/4.1.2/mno-hw-mul\libgcc.a
LOAD ../UART2CORE_bsp/\libhal_bsp.a
END GROUP
LOAD c:/altera/12.1/nios2eds/bin/gnu/h-i686-mingw32/bin/../lib/gcc/nios2-elf/4.1.2/mno-hw-mul\libgcc.a
                0x00001000                __alt_mem_onchip_memory2_0 = 0x1000

.entry          0x00001000       0x20
 *(.entry)
 .entry         0x00001000       0x20 ../UART2CORE_bsp//obj/HAL/src/crt0.o
                0x00001000                __reset
                0x0000100c                _exit

.exceptions     0x00001020        0x0
                0x00001020                PROVIDE (__ram_exceptions_start, ABSOLUTE (.))
                0x00001020                . = ALIGN (0x20)
 *(.irq)
 *(.exceptions.entry.label)
 *(.exceptions.entry.user)
 *(.exceptions.entry)
 *(.exceptions.irqtest.user)
 *(.exceptions.irqtest)
 *(.exceptions.irqhandler.user)
 *(.exceptions.irqhandler)
 *(.exceptions.irqreturn.user)
 *(.exceptions.irqreturn)
 *(.exceptions.notirq.label)
 *(.exceptions.notirq.user)
 *(.exceptions.notirq)
 *(.exceptions.soft.user)
 *(.exceptions.soft)
 *(.exceptions.unknown.user)
 *(.exceptions.unknown)
 *(.exceptions.exit.label)
 *(.exceptions.exit.user)
 *(.exceptions.exit)
 *(.exceptions)
                0x00001020                PROVIDE (__ram_exceptions_end, ABSOLUTE (.))
                0x00001020                PROVIDE (__flash_exceptions_start, LOADADDR (.exceptions))

.text           0x00001020      0x644
                0x00001020                PROVIDE (stext, ABSOLUTE (.))
 *(.interp)
 *(.hash)
 *(.dynsym)
 *(.dynstr)
 *(.gnu.version)
 *(.gnu.version_d)
 *(.gnu.version_r)
 *(.rel.init)
 *(.rela.init)
 *(.rel.text .rel.text.* .rel.gnu.linkonce.t.*)
 *(.rela.text .rela.text.* .rela.gnu.linkonce.t.*)
 *(.rel.fini)
 *(.rela.fini)
 *(.rel.rodata .rel.rodata.* .rel.gnu.linkonce.r.*)
 *(.rela.rodata .rela.rodata.* .rela.gnu.linkonce.r.*)
 *(.rel.data .rel.data.* .rel.gnu.linkonce.d.*)
 *(.rela.data .rela.data.* .rela.gnu.linkonce.d.*)
 *(.rel.tdata .rel.tdata.* .rel.gnu.linkonce.td.*)
 *(.rela.tdata .rela.tdata.* .rela.gnu.linkonce.td.*)
 *(.rel.tbss .rel.tbss.* .rel.gnu.linkonce.tb.*)
 *(.rela.tbss .rela.tbss.* .rela.gnu.linkonce.tb.*)
 *(.rel.ctors)
 *(.rela.ctors)
 *(.rel.dtors)
 *(.rela.dtors)
 *(.rel.got)
 *(.rela.got)
 *(.rel.sdata .rel.sdata.* .rel.gnu.linkonce.s.*)
 *(.rela.sdata .rela.sdata.* .rela.gnu.linkonce.s.*)
 *(.rel.sbss .rel.sbss.* .rel.gnu.linkonce.sb.*)
 *(.rela.sbss .rela.sbss.* .rela.gnu.linkonce.sb.*)
 *(.rel.sdata2 .rel.sdata2.* .rel.gnu.linkonce.s2.*)
 *(.rela.sdata2 .rela.sdata2.* .rela.gnu.linkonce.s2.*)
 *(.rel.sbss2 .rel.sbss2.* .rel.gnu.linkonce.sb2.*)
 *(.rela.sbss2 .rela.sbss2.* .rela.gnu.linkonce.sb2.*)
 *(.rel.bss .rel.bss.* .rel.gnu.linkonce.b.*)
 *(.rela.bss .rela.bss.* .rela.gnu.linkonce.b.*)
 *(.rel.plt)
 *(.rela.plt)
 *(.rel.dyn)
 *(.init)
 *(.plt)
 *(.text .stub .text.* .gnu.linkonce.t.*)
 .text          0x00001020       0x3c ../UART2CORE_bsp//obj/HAL/src/crt0.o
                0x00001020                _start
 .text          0x0000105c      0x15c obj/default/hello_world_small.o
                0x0000105c                itoa
                0x000010c4                main
 .text          0x000011b8      0x14c c:/altera/12.1/nios2eds/bin/gnu/h-i686-mingw32/bin/../lib/gcc/nios2-elf/4.1.2/mno-hw-mul\libgcc.a(lib2-divmod.o)
                0x00001234                __divsi3
                0x00001294                __modsi3
                0x000012f4                __udivsi3
                0x000012fc                __umodsi3
 .text          0x00001304       0x44 ../UART2CORE_bsp/\libhal_bsp.a(alt_getchar.o)
                0x00001304                alt_getchar
 .text          0x00001348       0x8c ../UART2CORE_bsp/\libhal_bsp.a(alt_load.o)
                0x00001368                alt_load
 .text          0x000013d4       0x2c ../UART2CORE_bsp/\libhal_bsp.a(alt_main.o)
                0x000013d4                alt_main
 .text          0x00001400      0x144 ../UART2CORE_bsp/\libhal_bsp.a(alt_printf.o)
                0x00001400                alt_printf
 .text          0x00001544       0x50 ../UART2CORE_bsp/\libhal_bsp.a(alt_putchar.o)
                0x00001544                alt_putchar
 .text          0x00001594       0x24 ../UART2CORE_bsp/\libhal_bsp.a(alt_sys_init.o)
                0x00001594                alt_sys_init
                0x00001598                alt_irq_init
 .text          0x000015b8       0x60 ../UART2CORE_bsp/\libhal_bsp.a(altera_avalon_jtag_uart_read.o)
                0x000015b8                altera_avalon_jtag_uart_read
 .text          0x00001618       0x34 ../UART2CORE_bsp/\libhal_bsp.a(altera_avalon_jtag_uart_write.o)
                0x00001618                altera_avalon_jtag_uart_write
 .text          0x0000164c        0x4 ../UART2CORE_bsp/\libhal_bsp.a(alt_dcache_flush_all.o)
                0x0000164c                alt_dcache_flush_all
 .text          0x00001650        0x8 ../UART2CORE_bsp/\libhal_bsp.a(alt_dev.o)
 .text          0x00001658        0x4 ../UART2CORE_bsp/\libhal_bsp.a(alt_icache_flush_all.o)
                0x00001658                alt_icache_flush_all
 .text          0x0000165c        0x8 ../UART2CORE_bsp/\libhal_bsp.a(altera_nios2_irq.o)
                0x0000165c                altera_nios2_irq_init
 *(.gnu.warning.*)
 *(.fini)
                0x00001664                PROVIDE (__etext, ABSOLUTE (.))
                0x00001664                PROVIDE (_etext, ABSOLUTE (.))
                0x00001664                PROVIDE (etext, ABSOLUTE (.))
 *(.eh_frame_hdr)
                0x00001664                . = ALIGN (0x4)
                0x00001664                PROVIDE (__preinit_array_start, ABSOLUTE (.))
 *(.preinit_array)
                0x00001664                PROVIDE (__preinit_array_end, ABSOLUTE (.))
                0x00001664                PROVIDE (__init_array_start, ABSOLUTE (.))
 *(.init_array)
                0x00001664                PROVIDE (__init_array_end, ABSOLUTE (.))
                0x00001664                PROVIDE (__fini_array_start, ABSOLUTE (.))
 *(.fini_array)
                0x00001664                PROVIDE (__fini_array_end, ABSOLUTE (.))
 *(.eh_frame)
 *(.gcc_except_table)
 *(.dynamic)
                0x00001664                PROVIDE (__CTOR_LIST__, ABSOLUTE (.))
 *(.ctors)
 *(SORT(.ctors.*))
                0x00001664                PROVIDE (__CTOR_END__, ABSOLUTE (.))
                0x00001664                PROVIDE (__DTOR_LIST__, ABSOLUTE (.))
 *(.dtors)
 *(SORT(.dtors.*))
                0x00001664                PROVIDE (__DTOR_END__, ABSOLUTE (.))
 *(.jcr)
                0x00001664                . = ALIGN (0x4)

.rodata         0x00001664       0x1c
                0x00001664                PROVIDE (__ram_rodata_start, ABSOLUTE (.))
                0x00001664                . = ALIGN (0x4)
 *(.rodata .rodata.* .gnu.linkonce.r.*)
 .rodata.str1.4
                0x00001664       0x10 obj/default/hello_world_small.o
 .rodata.str1.4
                0x00001674        0xc ../UART2CORE_bsp/\libhal_bsp.a(alt_dev.o)
 *(.rodata1)
                0x00001680                . = ALIGN (0x4)
                0x00001680                PROVIDE (__ram_rodata_end, ABSOLUTE (.))
                0x00001664                PROVIDE (__flash_rodata_start, LOADADDR (.rodata))

.rwdata         0x00001680       0x70 load address 0x000016f0
                0x00001680                PROVIDE (__ram_rwdata_start, ABSOLUTE (.))
                0x00001680                . = ALIGN (0x4)
 *(.got.plt)
 *(.got)
 *(.data1)
 *(.data .data.* .gnu.linkonce.d.*)
 .data          0x00001680        0x0 ../UART2CORE_bsp//obj/HAL/src/crt0.o
 .data          0x00001680        0x0 obj/default/hello_world_small.o
 .data          0x00001680        0x0 c:/altera/12.1/nios2eds/bin/gnu/h-i686-mingw32/bin/../lib/gcc/nios2-elf/4.1.2/mno-hw-mul\libgcc.a(lib2-divmod.o)
 .data          0x00001680        0x0 ../UART2CORE_bsp/\libhal_bsp.a(alt_getchar.o)
 .data          0x00001680        0x0 ../UART2CORE_bsp/\libhal_bsp.a(alt_load.o)
 .data          0x00001680        0x0 ../UART2CORE_bsp/\libhal_bsp.a(alt_main.o)
 .data          0x00001680        0x0 ../UART2CORE_bsp/\libhal_bsp.a(alt_printf.o)
 .data          0x00001680        0x0 ../UART2CORE_bsp/\libhal_bsp.a(alt_putchar.o)
 .data          0x00001680        0x0 ../UART2CORE_bsp/\libhal_bsp.a(alt_sys_init.o)
 .data          0x00001680        0x0 ../UART2CORE_bsp/\libhal_bsp.a(altera_avalon_jtag_uart_read.o)
 .data          0x00001680        0x0 ../UART2CORE_bsp/\libhal_bsp.a(altera_avalon_jtag_uart_write.o)
 .data          0x00001680        0x0 ../UART2CORE_bsp/\libhal_bsp.a(alt_dcache_flush_all.o)
 .data          0x00001680       0x58 ../UART2CORE_bsp/\libhal_bsp.a(alt_dev.o)
                0x00001680                alt_dev_null
                0x000016a8                alt_fd_list
 .data          0x000016d8        0x0 ../UART2CORE_bsp/\libhal_bsp.a(alt_icache_flush_all.o)
 .data          0x000016d8        0x0 ../UART2CORE_bsp/\libhal_bsp.a(altera_nios2_irq.o)
                0x000096d8                _gp = ABSOLUTE ((. + 0x8000))
                0x000096d8                PROVIDE (gp, _gp)
 *(.rwdata .rwdata.*)
 *(.sdata .sdata.* .gnu.linkonce.s.*)
 .sdata         0x000016d8        0x4 ../UART2CORE_bsp/\libhal_bsp.a(alt_sys_init.o)
                0x000016d8                jtag_uart_0
 .sdata         0x000016dc       0x14 ../UART2CORE_bsp/\libhal_bsp.a(alt_dev.o)
                0x000016dc                alt_fs_list
                0x000016e4                alt_dev_list
                0x000016ec                alt_max_fd
 *(.sdata2 .sdata2.* .gnu.linkonce.s2.*)
                0x000016f0                . = ALIGN (0x4)
                0x000016f0                _edata = ABSOLUTE (.)
                0x000016f0                PROVIDE (edata, ABSOLUTE (.))
                0x000016f0                PROVIDE (__ram_rwdata_end, ABSOLUTE (.))
                0x000016f0                PROVIDE (__flash_rwdata_start, LOADADDR (.rwdata))

.bss            0x00001760        0xc
                0x00001760                __bss_start = ABSOLUTE (.)
                0x00001760                PROVIDE (__sbss_start, ABSOLUTE (.))
                0x00001760                PROVIDE (___sbss_start, ABSOLUTE (.))
 *(.dynsbss)
 *(.sbss .sbss.* .gnu.linkonce.sb.*)
 .sbss          0x00001760        0xc ../UART2CORE_bsp/\libhal_bsp.a(alt_main.o)
                0x00001760                alt_argc
                0x00001764                alt_argv
                0x00001768                alt_envp
 *(.sbss2 .sbss2.* .gnu.linkonce.sb2.*)
 *(.scommon)
                0x0000176c                PROVIDE (__sbss_end, ABSOLUTE (.))
                0x0000176c                PROVIDE (___sbss_end, ABSOLUTE (.))
 *(.dynbss)
 *(.bss .bss.* .gnu.linkonce.b.*)
 .bss           0x0000176c        0x0 ../UART2CORE_bsp//obj/HAL/src/crt0.o
 .bss           0x0000176c        0x0 obj/default/hello_world_small.o
 .bss           0x0000176c        0x0 c:/altera/12.1/nios2eds/bin/gnu/h-i686-mingw32/bin/../lib/gcc/nios2-elf/4.1.2/mno-hw-mul\libgcc.a(lib2-divmod.o)
 .bss           0x0000176c        0x0 ../UART2CORE_bsp/\libhal_bsp.a(alt_getchar.o)
 .bss           0x0000176c        0x0 ../UART2CORE_bsp/\libhal_bsp.a(alt_load.o)
 .bss           0x0000176c        0x0 ../UART2CORE_bsp/\libhal_bsp.a(alt_main.o)
 .bss           0x0000176c        0x0 ../UART2CORE_bsp/\libhal_bsp.a(alt_printf.o)
 .bss           0x0000176c        0x0 ../UART2CORE_bsp/\libhal_bsp.a(alt_putchar.o)
 .bss           0x0000176c        0x0 ../UART2CORE_bsp/\libhal_bsp.a(alt_sys_init.o)
 .bss           0x0000176c        0x0 ../UART2CORE_bsp/\libhal_bsp.a(altera_avalon_jtag_uart_read.o)
 .bss           0x0000176c        0x0 ../UART2CORE_bsp/\libhal_bsp.a(altera_avalon_jtag_uart_write.o)
 .bss           0x0000176c        0x0 ../UART2CORE_bsp/\libhal_bsp.a(alt_dcache_flush_all.o)
 .bss           0x0000176c        0x0 ../UART2CORE_bsp/\libhal_bsp.a(alt_dev.o)
 .bss           0x0000176c        0x0 ../UART2CORE_bsp/\libhal_bsp.a(alt_icache_flush_all.o)
 .bss           0x0000176c        0x0 ../UART2CORE_bsp/\libhal_bsp.a(altera_nios2_irq.o)
 *(COMMON)
                0x0000176c                . = ALIGN (0x4)
                0x0000176c                __bss_end = ABSOLUTE (.)

.onchip_memory2_0
                0x0000176c        0x0
                0x0000176c                PROVIDE (_alt_partition_onchip_memory2_0_start, ABSOLUTE (.))
 *(.onchip_memory2_0. onchip_memory2_0.*)
                0x0000176c                . = ALIGN (0x4)
                0x0000176c                PROVIDE (_alt_partition_onchip_memory2_0_end, ABSOLUTE (.))
                0x0000176c                _end = ABSOLUTE (.)
                0x0000176c                end = ABSOLUTE (.)
                0x0000176c                __alt_stack_base = ABSOLUTE (.)
                0x0000176c                PROVIDE (_alt_partition_onchip_memory2_0_load_addr, LOADADDR (.onchip_memory2_0))

.stab
 *(.stab)

.stabstr
 *(.stabstr)

.stab.excl
 *(.stab.excl)

.stab.exclstr
 *(.stab.exclstr)

.stab.index
 *(.stab.index)

.stab.indexstr
 *(.stab.indexstr)

.comment        0x00000000       0x23
 *(.comment)
 .comment       0x00000000       0x23 obj/default/hello_world_small.o
                                 0x24 (size before relaxing)
 .comment       0x00000000       0x24 c:/altera/12.1/nios2eds/bin/gnu/h-i686-mingw32/bin/../lib/gcc/nios2-elf/4.1.2/mno-hw-mul\libgcc.a(lib2-divmod.o)
 .comment       0x00000000       0x24 ../UART2CORE_bsp/\libhal_bsp.a(alt_getchar.o)
 .comment       0x00000000       0x24 ../UART2CORE_bsp/\libhal_bsp.a(alt_load.o)
 .comment       0x00000000       0x24 ../UART2CORE_bsp/\libhal_bsp.a(alt_main.o)
 .comment       0x00000000       0x24 ../UART2CORE_bsp/\libhal_bsp.a(alt_printf.o)
 .comment       0x00000000       0x24 ../UART2CORE_bsp/\libhal_bsp.a(alt_putchar.o)
 .comment       0x00000000       0x24 ../UART2CORE_bsp/\libhal_bsp.a(alt_sys_init.o)
 .comment       0x00000000       0x24 ../UART2CORE_bsp/\libhal_bsp.a(altera_avalon_jtag_uart_read.o)
 .comment       0x00000000       0x24 ../UART2CORE_bsp/\libhal_bsp.a(altera_avalon_jtag_uart_write.o)
 .comment       0x00000000       0x24 ../UART2CORE_bsp/\libhal_bsp.a(alt_dcache_flush_all.o)
 .comment       0x00000000       0x24 ../UART2CORE_bsp/\libhal_bsp.a(alt_dev.o)
 .comment       0x00000000       0x24 ../UART2CORE_bsp/\libhal_bsp.a(alt_icache_flush_all.o)
 .comment       0x00000000       0x24 ../UART2CORE_bsp/\libhal_bsp.a(altera_nios2_irq.o)

.debug
 *(.debug)

.line
 *(.line)

.debug_srcinfo
 *(.debug_srcinfo)

.debug_sfnames
 *(.debug_sfnames)

.debug_aranges  0x00000000      0x1e8
 *(.debug_aranges)
 .debug_aranges
                0x00000000       0x28 ../UART2CORE_bsp//obj/HAL/src/crt0.o
 .debug_aranges
                0x00000028       0x20 obj/default/hello_world_small.o
 .debug_aranges
                0x00000048       0x20 c:/altera/12.1/nios2eds/bin/gnu/h-i686-mingw32/bin/../lib/gcc/nios2-elf/4.1.2/mno-hw-mul\libgcc.a(lib2-divmod.o)
 .debug_aranges
                0x00000068       0x20 ../UART2CORE_bsp/\libhal_bsp.a(alt_getchar.o)
 .debug_aranges
                0x00000088       0x20 ../UART2CORE_bsp/\libhal_bsp.a(alt_load.o)
 .debug_aranges
                0x000000a8       0x20 ../UART2CORE_bsp/\libhal_bsp.a(alt_main.o)
 .debug_aranges
                0x000000c8       0x20 ../UART2CORE_bsp/\libhal_bsp.a(alt_printf.o)
 .debug_aranges
                0x000000e8       0x20 ../UART2CORE_bsp/\libhal_bsp.a(alt_putchar.o)
 .debug_aranges
                0x00000108       0x20 ../UART2CORE_bsp/\libhal_bsp.a(alt_sys_init.o)
 .debug_aranges
                0x00000128       0x20 ../UART2CORE_bsp/\libhal_bsp.a(altera_avalon_jtag_uart_read.o)
 .debug_aranges
                0x00000148       0x20 ../UART2CORE_bsp/\libhal_bsp.a(altera_avalon_jtag_uart_write.o)
 .debug_aranges
                0x00000168       0x20 ../UART2CORE_bsp/\libhal_bsp.a(alt_dcache_flush_all.o)
 .debug_aranges
                0x00000188       0x20 ../UART2CORE_bsp/\libhal_bsp.a(alt_dev.o)
 .debug_aranges
                0x000001a8       0x20 ../UART2CORE_bsp/\libhal_bsp.a(alt_icache_flush_all.o)
 .debug_aranges
                0x000001c8       0x20 ../UART2CORE_bsp/\libhal_bsp.a(altera_nios2_irq.o)

.debug_pubnames
                0x00000000      0x2c6
 *(.debug_pubnames)
 .debug_pubnames
                0x00000000       0x24 obj/default/hello_world_small.o
 .debug_pubnames
                0x00000024       0x48 c:/altera/12.1/nios2eds/bin/gnu/h-i686-mingw32/bin/../lib/gcc/nios2-elf/4.1.2/mno-hw-mul\libgcc.a(lib2-divmod.o)
 .debug_pubnames
                0x0000006c       0x22 ../UART2CORE_bsp/\libhal_bsp.a(alt_getchar.o)
 .debug_pubnames
                0x0000008e       0x1f ../UART2CORE_bsp/\libhal_bsp.a(alt_load.o)
 .debug_pubnames
                0x000000ad       0x46 ../UART2CORE_bsp/\libhal_bsp.a(alt_main.o)
 .debug_pubnames
                0x000000f3       0x21 ../UART2CORE_bsp/\libhal_bsp.a(alt_printf.o)
 .debug_pubnames
                0x00000114       0x22 ../UART2CORE_bsp/\libhal_bsp.a(alt_putchar.o)
 .debug_pubnames
                0x00000136       0x44 ../UART2CORE_bsp/\libhal_bsp.a(alt_sys_init.o)
 .debug_pubnames
                0x0000017a       0x33 ../UART2CORE_bsp/\libhal_bsp.a(altera_avalon_jtag_uart_read.o)
 .debug_pubnames
                0x000001ad       0x34 ../UART2CORE_bsp/\libhal_bsp.a(altera_avalon_jtag_uart_write.o)
 .debug_pubnames
                0x000001e1       0x2b ../UART2CORE_bsp/\libhal_bsp.a(alt_dcache_flush_all.o)
 .debug_pubnames
                0x0000020c       0x63 ../UART2CORE_bsp/\libhal_bsp.a(alt_dev.o)
 .debug_pubnames
                0x0000026f       0x2b ../UART2CORE_bsp/\libhal_bsp.a(alt_icache_flush_all.o)
 .debug_pubnames
                0x0000029a       0x2c ../UART2CORE_bsp/\libhal_bsp.a(altera_nios2_irq.o)

.debug_info     0x00000000     0x15af
 *(.debug_info .gnu.linkonce.wi.*)
 .debug_info    0x00000000       0x67 ../UART2CORE_bsp//obj/HAL/src/crt0.o
 .debug_info    0x00000067       0xbb obj/default/hello_world_small.o
 .debug_info    0x00000122      0x21c c:/altera/12.1/nios2eds/bin/gnu/h-i686-mingw32/bin/../lib/gcc/nios2-elf/4.1.2/mno-hw-mul\libgcc.a(lib2-divmod.o)
 .debug_info    0x0000033e      0x300 ../UART2CORE_bsp/\libhal_bsp.a(alt_getchar.o)
 .debug_info    0x0000063e      0x12e ../UART2CORE_bsp/\libhal_bsp.a(alt_load.o)
 .debug_info    0x0000076c      0x125 ../UART2CORE_bsp/\libhal_bsp.a(alt_main.o)
 .debug_info    0x00000891      0x11d ../UART2CORE_bsp/\libhal_bsp.a(alt_printf.o)
 .debug_info    0x000009ae       0xc5 ../UART2CORE_bsp/\libhal_bsp.a(alt_putchar.o)
 .debug_info    0x00000a73      0x17d ../UART2CORE_bsp/\libhal_bsp.a(alt_sys_init.o)
 .debug_info    0x00000bf0      0x1ac ../UART2CORE_bsp/\libhal_bsp.a(altera_avalon_jtag_uart_read.o)
 .debug_info    0x00000d9c      0x18f ../UART2CORE_bsp/\libhal_bsp.a(altera_avalon_jtag_uart_write.o)
 .debug_info    0x00000f2b       0x8d ../UART2CORE_bsp/\libhal_bsp.a(alt_dcache_flush_all.o)
 .debug_info    0x00000fb8      0x4dd ../UART2CORE_bsp/\libhal_bsp.a(alt_dev.o)
 .debug_info    0x00001495       0x8d ../UART2CORE_bsp/\libhal_bsp.a(alt_icache_flush_all.o)
 .debug_info    0x00001522       0x8d ../UART2CORE_bsp/\libhal_bsp.a(altera_nios2_irq.o)

.debug_abbrev   0x00000000      0x946
 *(.debug_abbrev)
 .debug_abbrev  0x00000000       0x12 ../UART2CORE_bsp//obj/HAL/src/crt0.o
 .debug_abbrev  0x00000012       0xa2 obj/default/hello_world_small.o
 .debug_abbrev  0x000000b4       0xe0 c:/altera/12.1/nios2eds/bin/gnu/h-i686-mingw32/bin/../lib/gcc/nios2-elf/4.1.2/mno-hw-mul\libgcc.a(lib2-divmod.o)
 .debug_abbrev  0x00000194       0xdd ../UART2CORE_bsp/\libhal_bsp.a(alt_getchar.o)
 .debug_abbrev  0x00000271       0x97 ../UART2CORE_bsp/\libhal_bsp.a(alt_load.o)
 .debug_abbrev  0x00000308       0xa6 ../UART2CORE_bsp/\libhal_bsp.a(alt_main.o)
 .debug_abbrev  0x000003ae       0xc7 ../UART2CORE_bsp/\libhal_bsp.a(alt_printf.o)
 .debug_abbrev  0x00000475       0x7b ../UART2CORE_bsp/\libhal_bsp.a(alt_putchar.o)
 .debug_abbrev  0x000004f0       0xe3 ../UART2CORE_bsp/\libhal_bsp.a(alt_sys_init.o)
 .debug_abbrev  0x000005d3       0xf0 ../UART2CORE_bsp/\libhal_bsp.a(altera_avalon_jtag_uart_read.o)
 .debug_abbrev  0x000006c3       0xf0 ../UART2CORE_bsp/\libhal_bsp.a(altera_avalon_jtag_uart_write.o)
 .debug_abbrev  0x000007b3       0x3f ../UART2CORE_bsp/\libhal_bsp.a(alt_dcache_flush_all.o)
 .debug_abbrev  0x000007f2       0xd6 ../UART2CORE_bsp/\libhal_bsp.a(alt_dev.o)
 .debug_abbrev  0x000008c8       0x3f ../UART2CORE_bsp/\libhal_bsp.a(alt_icache_flush_all.o)
 .debug_abbrev  0x00000907       0x3f ../UART2CORE_bsp/\libhal_bsp.a(altera_nios2_irq.o)

.debug_line     0x00000000     0x1f2d
 *(.debug_line)
 .debug_line    0x00000000       0x66 ../UART2CORE_bsp//obj/HAL/src/crt0.o
 .debug_line    0x00000066      0x18c obj/default/hello_world_small.o
 .debug_line    0x000001f2      0x24f c:/altera/12.1/nios2eds/bin/gnu/h-i686-mingw32/bin/../lib/gcc/nios2-elf/4.1.2/mno-hw-mul\libgcc.a(lib2-divmod.o)
 .debug_line    0x00000441      0x252 ../UART2CORE_bsp/\libhal_bsp.a(alt_getchar.o)
 .debug_line    0x00000693      0x211 ../UART2CORE_bsp/\libhal_bsp.a(alt_load.o)
 .debug_line    0x000008a4      0x2bc ../UART2CORE_bsp/\libhal_bsp.a(alt_main.o)
 .debug_line    0x00000b60      0x1ef ../UART2CORE_bsp/\libhal_bsp.a(alt_printf.o)
 .debug_line    0x00000d4f      0x1ec ../UART2CORE_bsp/\libhal_bsp.a(alt_putchar.o)
 .debug_line    0x00000f3b      0x280 ../UART2CORE_bsp/\libhal_bsp.a(alt_sys_init.o)
 .debug_line    0x000011bb      0x31d ../UART2CORE_bsp/\libhal_bsp.a(altera_avalon_jtag_uart_read.o)
 .debug_line    0x000014d8      0x2ee ../UART2CORE_bsp/\libhal_bsp.a(altera_avalon_jtag_uart_write.o)
 .debug_line    0x000017c6      0x1af ../UART2CORE_bsp/\libhal_bsp.a(alt_dcache_flush_all.o)
 .debug_line    0x00001975      0x246 ../UART2CORE_bsp/\libhal_bsp.a(alt_dev.o)
 .debug_line    0x00001bbb      0x1af ../UART2CORE_bsp/\libhal_bsp.a(alt_icache_flush_all.o)
 .debug_line    0x00001d6a      0x1c3 ../UART2CORE_bsp/\libhal_bsp.a(altera_nios2_irq.o)

.debug_frame    0x00000000      0x28c
 *(.debug_frame)
 .debug_frame   0x00000000       0x44 obj/default/hello_world_small.o
 .debug_frame   0x00000044       0x70 c:/altera/12.1/nios2eds/bin/gnu/h-i686-mingw32/bin/../lib/gcc/nios2-elf/4.1.2/mno-hw-mul\libgcc.a(lib2-divmod.o)
 .debug_frame   0x000000b4       0x28 ../UART2CORE_bsp/\libhal_bsp.a(alt_getchar.o)
 .debug_frame   0x000000dc       0x38 ../UART2CORE_bsp/\libhal_bsp.a(alt_load.o)
 .debug_frame   0x00000114       0x28 ../UART2CORE_bsp/\libhal_bsp.a(alt_main.o)
 .debug_frame   0x0000013c       0x2c ../UART2CORE_bsp/\libhal_bsp.a(alt_printf.o)
 .debug_frame   0x00000168       0x2c ../UART2CORE_bsp/\libhal_bsp.a(alt_putchar.o)
 .debug_frame   0x00000194       0x38 ../UART2CORE_bsp/\libhal_bsp.a(alt_sys_init.o)
 .debug_frame   0x000001cc       0x20 ../UART2CORE_bsp/\libhal_bsp.a(altera_avalon_jtag_uart_read.o)
 .debug_frame   0x000001ec       0x20 ../UART2CORE_bsp/\libhal_bsp.a(altera_avalon_jtag_uart_write.o)
 .debug_frame   0x0000020c       0x20 ../UART2CORE_bsp/\libhal_bsp.a(alt_dcache_flush_all.o)
 .debug_frame   0x0000022c       0x20 ../UART2CORE_bsp/\libhal_bsp.a(alt_dev.o)
 .debug_frame   0x0000024c       0x20 ../UART2CORE_bsp/\libhal_bsp.a(alt_icache_flush_all.o)
 .debug_frame   0x0000026c       0x20 ../UART2CORE_bsp/\libhal_bsp.a(altera_nios2_irq.o)

.debug_str      0x00000000      0x75a
 *(.debug_str)
 .debug_str     0x00000000       0x71 obj/default/hello_world_small.o
                                 0x7b (size before relaxing)
 .debug_str     0x00000071      0x14a c:/altera/12.1/nios2eds/bin/gnu/h-i686-mingw32/bin/../lib/gcc/nios2-elf/4.1.2/mno-hw-mul\libgcc.a(lib2-divmod.o)
                                0x1b1 (size before relaxing)
 .debug_str     0x000001bb      0x11a ../UART2CORE_bsp/\libhal_bsp.a(alt_getchar.o)
                                0x1c5 (size before relaxing)
 .debug_str     0x000002d5       0xf1 ../UART2CORE_bsp/\libhal_bsp.a(alt_load.o)
                                0x1bc (size before relaxing)
 .debug_str     0x000003c6       0x44 ../UART2CORE_bsp/\libhal_bsp.a(alt_main.o)
                                0x140 (size before relaxing)
 .debug_str     0x0000040a       0x46 ../UART2CORE_bsp/\libhal_bsp.a(alt_printf.o)
                                 0xa7 (size before relaxing)
 .debug_str     0x00000450       0x22 ../UART2CORE_bsp/\libhal_bsp.a(alt_putchar.o)
                                0x119 (size before relaxing)
 .debug_str     0x00000472       0x85 ../UART2CORE_bsp/\libhal_bsp.a(alt_sys_init.o)
                                0x1b5 (size before relaxing)
 .debug_str     0x000004f7       0x5a ../UART2CORE_bsp/\libhal_bsp.a(altera_avalon_jtag_uart_read.o)
                                0x1c2 (size before relaxing)
 .debug_str     0x00000551       0x50 ../UART2CORE_bsp/\libhal_bsp.a(altera_avalon_jtag_uart_write.o)
                                0x1b8 (size before relaxing)
 .debug_str     0x000005a1       0x34 ../UART2CORE_bsp/\libhal_bsp.a(alt_dcache_flush_all.o)
                                 0xff (size before relaxing)
 .debug_str     0x000005d5      0x120 ../UART2CORE_bsp/\libhal_bsp.a(alt_dev.o)
                                0x2af (size before relaxing)
 .debug_str     0x000006f5       0x34 ../UART2CORE_bsp/\libhal_bsp.a(alt_icache_flush_all.o)
                                 0xff (size before relaxing)
 .debug_str     0x00000729       0x31 ../UART2CORE_bsp/\libhal_bsp.a(altera_nios2_irq.o)
                                 0xfc (size before relaxing)

.debug_loc      0x00000000      0x4e4
 *(.debug_loc)
 .debug_loc     0x00000000       0x7a obj/default/hello_world_small.o
 .debug_loc     0x0000007a      0x1d2 c:/altera/12.1/nios2eds/bin/gnu/h-i686-mingw32/bin/../lib/gcc/nios2-elf/4.1.2/mno-hw-mul\libgcc.a(lib2-divmod.o)
 .debug_loc     0x0000024c       0x1f ../UART2CORE_bsp/\libhal_bsp.a(alt_getchar.o)
 .debug_loc     0x0000026b       0x1f ../UART2CORE_bsp/\libhal_bsp.a(alt_load.o)
 .debug_loc     0x0000028a       0x1f ../UART2CORE_bsp/\libhal_bsp.a(alt_main.o)
 .debug_loc     0x000002a9      0x175 ../UART2CORE_bsp/\libhal_bsp.a(alt_printf.o)
 .debug_loc     0x0000041e       0x3d ../UART2CORE_bsp/\libhal_bsp.a(alt_putchar.o)
 .debug_loc     0x0000045b       0x32 ../UART2CORE_bsp/\libhal_bsp.a(alt_sys_init.o)
 .debug_loc     0x0000048d       0x31 ../UART2CORE_bsp/\libhal_bsp.a(altera_avalon_jtag_uart_read.o)
 .debug_loc     0x000004be       0x26 ../UART2CORE_bsp/\libhal_bsp.a(altera_avalon_jtag_uart_write.o)

.debug_macinfo
 *(.debug_macinfo)

.debug_weaknames
 *(.debug_weaknames)

.debug_funcnames
 *(.debug_funcnames)

.debug_typenames
 *(.debug_typenames)

.debug_varnames
 *(.debug_varnames)

.debug_alt_sim_info
                0x00000000       0x10
 *(.debug_alt_sim_info)
 .debug_alt_sim_info
                0x00000000       0x10 ../UART2CORE_bsp//obj/HAL/src/crt0.o
                0x00002000                __alt_data_end = 0x2000
                0x00002000                PROVIDE (__alt_stack_pointer, __alt_data_end)
                0x0000176c                PROVIDE (__alt_stack_limit, __alt_stack_base)
                0x0000176c                PROVIDE (__alt_heap_start, end)
                0x00002000                PROVIDE (__alt_heap_limit, 0x2000)
OUTPUT(UART2CORE.elf elf32-littlenios2)

.debug_ranges   0x00000000       0x20
 .debug_ranges  0x00000000       0x20 ../UART2CORE_bsp//obj/HAL/src/crt0.o
